"blank"					"=========================="
"blank"					"#Phoenix_Controls"
"blank"					"=========================="
"yes"					"#Phoenix_VoteYes"
"no"					"#Phoenix_VoteNo"
"changeteam"				"#Valve_Change_Team"
"+commandmenu"				"#Phoenix_Cmd"
"dropitems"				"#Phoenix_Drop"
"drop"					"#Phoenix_DropWeapon"
"blank"					"=========================="
"blank"					"#Valve_Movement_Title"
"blank"					"=========================="
"+forward"				"#Valve_Move_Forward"
"+back"					"#Valve_Move_Back"
"+left"					"#Valve_Turn_Left"
"+right"				"#Valve_Turn_Right"
"+moveleft"				"#Valve_Move_Left"
"+moveright"				"#Valve_Move_Right"
"+jump"					"#Valve_Jump"
"+duck"					"#Valve_Duck"
"+moveup"				"#Valve_Swim_Up"
"+movedown"				"#Valve_Swim_Down"
"+lookup"				"#Valve_Look_Up"
"+lookdown"				"#Valve_Look_Down"
"force_centerview"			"#Valve_Look_Straight_Ahead"
"+strafe"				"#Valve_Strafe_Modifier"
"+mlook"				"#Valve_Mouse_Look_Modifier"
"+klook"				"#Valve_Keyboard_Look_Modifier"
"+use"					"#Valve_Use_Items"
"blank"					"=========================="
"blank"					"#Valve_Communication_Title"
"blank"					"=========================="
"+voicerecord"				"#Valve_Use_Voice_Communication"
"messagemode"				"#Valve_Chat_Message"
"messagemode2"				"#Valve_Team_Message"
"blank"					"=========================="
"blank"					"#Valve_Combat_Title"
"blank"					"=========================="
"+attack"				"#Valve_Primary_Attack"
"+attack2"				"#Valve_Secondary_Attack"
"+reload"				"#Valve_Reload_Weapon"
"+speed"				"#Valve_Walk"
"impulse 100"				"#Valve_Flashlight"
"impulse 201"				"#Valve_Spray_Logo"
"slot1"					"#Valve_Weapon_Category_1"
"slot2"					"#Valve_Weapon_Category_2"
"slot3" 				"#Valve_Weapon_Category_3"
"slot4"					"#Valve_Weapon_Category_4"
"slot5"					"#Valve_Weapon_Category_5"
"slot6"					"#Valve_Weapon_Category_6"
"slot7"					"#Valve_Weapon_Category_7"
"invprev"				"#Valve_Previous_Weapon"
"invnext"				"#Valve_Next_Weapon"
"lastinv"				"#Valve_Last_Weapon_Used"
"blank"					"=========================="
"blank"					"#Valve_Miscellaneous_Title"
"blank"					"=========================="
"+showscores"				"#Valve_Display_Scores"
"snapshot"				"#Valve_Take_Screen_Shot"
"togglehud"				"#Phoenix_HUDToggle"
"quit"					"#Valve_Quit_Game"
"blank"					"=========================="
"blank"					"#Phoenix_QuickWeaponBinds"
"blank"					"=========================="
"use weapon_crowbar"			"#Phoenix_UseCrowbar"
"use weapon_pipewrench"			"#Phoenix_UsePipewrench"
"use weapon_knife"			"#Phoenix_UseKnife"
"use weapon_grapple"			"#Phoenix_UseGrapple"
"use weapon_9mmhandgun"			"#Phoenix_UseHandgun"
"use weapon_357"			"#Phoenix_Use357"
"use weapon_eagle"			"#Phoenix_UseDeagle"
"use weapon_9mmAR"			"#Phoenix_UseMP5"
"use weapon_shotgun"			"#Phoenix_UseShotgun"
"use weapon_crossbow"			"#Phoenix_UseCrossbow"
"use weapon_rpg"			"#Phoenix_UseRPG"
"use weapon_gauss"			"#Phoenix_UseTau"
"use weapon_egon"			"#Phoenix_UseGluon"
"use weapon_hornetgun"			"#Phoenix_UseHornet"
"use weapon_handgrenade"		"#Phoenix_UseGrenade"
"use weapon_satchel"			"#Phoenix_UseSatchel"
"use weapon_tripmine"			"#Phoenix_UseTripmine"
"use weapon_snark"			"#Phoenix_UseSnark"
"use weapon_penguin"			"#Phoenix_UsePenguin"
"use weapon_m249"			"#Phoenix_UseM249"
"use weapon_displacer"			"#Phoenix_UseDisplacer"
"use weapon_sniperrifle"		"#Phoenix_UseSniper"
"use weapon_sporelauncher"		"#Phoenix_UseSporeLauncher"
"use weapon_shockrifle"			"#Phoenix_UseShockRifle"